[24-Jun-2024 14:54:04 UTC] PHP Notice:  La fonction register_sidebar a été appelée de façon incorrecte. Aucun id n’a été configuré dans le tableau d’arguments de la colonne latérale « Sidebar ». « sidebar-1 » sera utilisé par défaut. Configurez manuellement id avec « sidebar-1 » pour faire disparaître cette notification et conserver le contenu actuel de la colonne latérale. Veuillez lire <a>Débogage dans WordPress</a> (en) pour plus d’informations. (Ce message a été ajouté à la version 4.2.0.) in /home/olivierc/reussir-mon-ecommerce.fr/www/wp-includes/functions.php on line 6078
[24-Jun-2024 14:54:04 UTC] PHP Notice:  La fonction register_sidebar a été appelée de façon incorrecte. Aucun id n’a été configuré dans le tableau d’arguments de la colonne latérale « Featured ». « sidebar-2 » sera utilisé par défaut. Configurez manuellement id avec « sidebar-2 » pour faire disparaître cette notification et conserver le contenu actuel de la colonne latérale. Veuillez lire <a>Débogage dans WordPress</a> (en) pour plus d’informations. (Ce message a été ajouté à la version 4.2.0.) in /home/olivierc/reussir-mon-ecommerce.fr/www/wp-includes/functions.php on line 6078
[24-Jun-2024 14:54:04 UTC] PHP Notice:  La fonction register_sidebar a été appelée de façon incorrecte. Aucun id n’a été configuré dans le tableau d’arguments de la colonne latérale « 404 ». « sidebar-3 » sera utilisé par défaut. Configurez manuellement id avec « sidebar-3 » pour faire disparaître cette notification et conserver le contenu actuel de la colonne latérale. Veuillez lire <a>Débogage dans WordPress</a> (en) pour plus d’informations. (Ce message a été ajouté à la version 4.2.0.) in /home/olivierc/reussir-mon-ecommerce.fr/www/wp-includes/functions.php on line 6078
[24-Jun-2024 14:54:04 UTC] PHP Notice:  La fonction register_sidebar a été appelée de façon incorrecte. Aucun id n’a été configuré dans le tableau d’arguments de la colonne latérale « Search ». « sidebar-4 » sera utilisé par défaut. Configurez manuellement id avec « sidebar-4 » pour faire disparaître cette notification et conserver le contenu actuel de la colonne latérale. Veuillez lire <a>Débogage dans WordPress</a> (en) pour plus d’informations. (Ce message a été ajouté à la version 4.2.0.) in /home/olivierc/reussir-mon-ecommerce.fr/www/wp-includes/functions.php on line 6078
[24-Jun-2024 14:54:04 UTC] PHP Deprecated:  La méthode de construction de la classe WP_Widget située dans SilverBlog_Featured_Widget est obsolète depuis la version 4.3.0 ! Utilisez __construct() à la place. in /home/olivierc/reussir-mon-ecommerce.fr/www/wp-includes/functions.php on line 6078
[24-Jun-2024 14:54:05 UTC] PHP Notice:  La fonction register_sidebar a été appelée de façon incorrecte. Aucun id n’a été configuré dans le tableau d’arguments de la colonne latérale « Sidebar ». « sidebar-1 » sera utilisé par défaut. Configurez manuellement id avec « sidebar-1 » pour faire disparaître cette notification et conserver le contenu actuel de la colonne latérale. Veuillez lire <a>Débogage dans WordPress</a> (en) pour plus d’informations. (Ce message a été ajouté à la version 4.2.0.) in /home/olivierc/reussir-mon-ecommerce.fr/www/wp-includes/functions.php on line 6078
[24-Jun-2024 14:54:05 UTC] PHP Notice:  La fonction register_sidebar a été appelée de façon incorrecte. Aucun id n’a été configuré dans le tableau d’arguments de la colonne latérale « Featured ». « sidebar-2 » sera utilisé par défaut. Configurez manuellement id avec « sidebar-2 » pour faire disparaître cette notification et conserver le contenu actuel de la colonne latérale. Veuillez lire <a>Débogage dans WordPress</a> (en) pour plus d’informations. (Ce message a été ajouté à la version 4.2.0.) in /home/olivierc/reussir-mon-ecommerce.fr/www/wp-includes/functions.php on line 6078
[24-Jun-2024 14:54:05 UTC] PHP Notice:  La fonction register_sidebar a été appelée de façon incorrecte. Aucun id n’a été configuré dans le tableau d’arguments de la colonne latérale « 404 ». « sidebar-3 » sera utilisé par défaut. Configurez manuellement id avec « sidebar-3 » pour faire disparaître cette notification et conserver le contenu actuel de la colonne latérale. Veuillez lire <a>Débogage dans WordPress</a> (en) pour plus d’informations. (Ce message a été ajouté à la version 4.2.0.) in /home/olivierc/reussir-mon-ecommerce.fr/www/wp-includes/functions.php on line 6078
[24-Jun-2024 14:54:05 UTC] PHP Notice:  La fonction register_sidebar a été appelée de façon incorrecte. Aucun id n’a été configuré dans le tableau d’arguments de la colonne latérale « Search ». « sidebar-4 » sera utilisé par défaut. Configurez manuellement id avec « sidebar-4 » pour faire disparaître cette notification et conserver le contenu actuel de la colonne latérale. Veuillez lire <a>Débogage dans WordPress</a> (en) pour plus d’informations. (Ce message a été ajouté à la version 4.2.0.) in /home/olivierc/reussir-mon-ecommerce.fr/www/wp-includes/functions.php on line 6078
[24-Jun-2024 14:54:05 UTC] PHP Deprecated:  La méthode de construction de la classe WP_Widget située dans SilverBlog_Featured_Widget est obsolète depuis la version 4.3.0 ! Utilisez __construct() à la place. in /home/olivierc/reussir-mon-ecommerce.fr/www/wp-includes/functions.php on line 6078
[24-Jun-2024 14:54:05 UTC] PHP Notice:  Constant WP_DEBUG already defined in /home/olivierc/reussir-mon-ecommerce.fr/www/wp-config.php on line 50
[24-Jun-2024 14:54:05 UTC] PHP Notice:  Constant WP_DEBUG_DISPLAY already defined in /home/olivierc/reussir-mon-ecommerce.fr/www/wp-config.php on line 51
[24-Jun-2024 14:54:05 UTC] PHP Notice:  Constant WP_DEBUG_LOG already defined in /home/olivierc/reussir-mon-ecommerce.fr/www/wp-config.php on line 52
[24-Jun-2024 14:54:05 UTC] PHP Notice:  Constant AUTOSAVE_INTERVAL already defined in /home/olivierc/reussir-mon-ecommerce.fr/www/wp-config.php on line 53
[24-Jun-2024 14:54:05 UTC] PHP Notice:  Constant WP_POST_REVISIONS already defined in /home/olivierc/reussir-mon-ecommerce.fr/www/wp-config.php on line 54
[24-Jun-2024 14:54:05 UTC] PHP Notice:  Constant EMPTY_TRASH_DAYS already defined in /home/olivierc/reussir-mon-ecommerce.fr/www/wp-config.php on line 55
[24-Jun-2024 14:54:05 UTC] PHP Notice:  Constant FORCE_SSL_ADMIN already defined in /home/olivierc/reussir-mon-ecommerce.fr/www/wp-config.php on line 59
[24-Jun-2024 14:54:05 UTC] PHP Notice:  Constant WPLANG already defined in /home/olivierc/reussir-mon-ecommerce.fr/www/wp-config.php on line 60
[24-Jun-2024 14:54:05 UTC] PHP Notice:  Constant WP_DEBUG already defined in /home/olivierc/reussir-mon-ecommerce.fr/www/wp-config.php on line 50
[24-Jun-2024 14:54:05 UTC] PHP Notice:  Constant WP_DEBUG_DISPLAY already defined in /home/olivierc/reussir-mon-ecommerce.fr/www/wp-config.php on line 51
[24-Jun-2024 14:54:05 UTC] PHP Notice:  Constant WP_DEBUG_LOG already defined in /home/olivierc/reussir-mon-ecommerce.fr/www/wp-config.php on line 52
[24-Jun-2024 14:54:05 UTC] PHP Notice:  Constant AUTOSAVE_INTERVAL already defined in /home/olivierc/reussir-mon-ecommerce.fr/www/wp-config.php on line 53
[24-Jun-2024 14:54:05 UTC] PHP Notice:  Constant WP_POST_REVISIONS already defined in /home/olivierc/reussir-mon-ecommerce.fr/www/wp-config.php on line 54
[24-Jun-2024 14:54:05 UTC] PHP Notice:  Constant EMPTY_TRASH_DAYS already defined in /home/olivierc/reussir-mon-ecommerce.fr/www/wp-config.php on line 55
[24-Jun-2024 14:54:05 UTC] PHP Notice:  Constant FORCE_SSL_ADMIN already defined in /home/olivierc/reussir-mon-ecommerce.fr/www/wp-config.php on line 59
[24-Jun-2024 14:54:05 UTC] PHP Notice:  Constant WPLANG already defined in /home/olivierc/reussir-mon-ecommerce.fr/www/wp-config.php on line 60
[24-Jun-2024 14:54:05 UTC] PHP Notice:  La fonction register_sidebar a été appelée de façon incorrecte. Aucun id n’a été configuré dans le tableau d’arguments de la colonne latérale « Sidebar ». « sidebar-1 » sera utilisé par défaut. Configurez manuellement id avec « sidebar-1 » pour faire disparaître cette notification et conserver le contenu actuel de la colonne latérale. Veuillez lire <a>Débogage dans WordPress</a> (en) pour plus d’informations. (Ce message a été ajouté à la version 4.2.0.) in /home/olivierc/reussir-mon-ecommerce.fr/www/wp-includes/functions.php on line 6078
[24-Jun-2024 14:54:05 UTC] PHP Notice:  La fonction register_sidebar a été appelée de façon incorrecte. Aucun id n’a été configuré dans le tableau d’arguments de la colonne latérale « Featured ». « sidebar-2 » sera utilisé par défaut. Configurez manuellement id avec « sidebar-2 » pour faire disparaître cette notification et conserver le contenu actuel de la colonne latérale. Veuillez lire <a>Débogage dans WordPress</a> (en) pour plus d’informations. (Ce message a été ajouté à la version 4.2.0.) in /home/olivierc/reussir-mon-ecommerce.fr/www/wp-includes/functions.php on line 6078
[24-Jun-2024 14:54:05 UTC] PHP Notice:  La fonction register_sidebar a été appelée de façon incorrecte. Aucun id n’a été configuré dans le tableau d’arguments de la colonne latérale « 404 ». « sidebar-3 » sera utilisé par défaut. Configurez manuellement id avec « sidebar-3 » pour faire disparaître cette notification et conserver le contenu actuel de la colonne latérale. Veuillez lire <a>Débogage dans WordPress</a> (en) pour plus d’informations. (Ce message a été ajouté à la version 4.2.0.) in /home/olivierc/reussir-mon-ecommerce.fr/www/wp-includes/functions.php on line 6078
[24-Jun-2024 14:54:05 UTC] PHP Notice:  La fonction register_sidebar a été appelée de façon incorrecte. Aucun id n’a été configuré dans le tableau d’arguments de la colonne latérale « Search ». « sidebar-4 » sera utilisé par défaut. Configurez manuellement id avec « sidebar-4 » pour faire disparaître cette notification et conserver le contenu actuel de la colonne latérale. Veuillez lire <a>Débogage dans WordPress</a> (en) pour plus d’informations. (Ce message a été ajouté à la version 4.2.0.) in /home/olivierc/reussir-mon-ecommerce.fr/www/wp-includes/functions.php on line 6078
[24-Jun-2024 14:54:05 UTC] PHP Deprecated:  La méthode de construction de la classe WP_Widget située dans SilverBlog_Featured_Widget est obsolète depuis la version 4.3.0 ! Utilisez __construct() à la place. in /home/olivierc/reussir-mon-ecommerce.fr/www/wp-includes/functions.php on line 6078
[24-Jun-2024 14:54:05 UTC] PHP Notice:  Constant WP_DEBUG already defined in /home/olivierc/reussir-mon-ecommerce.fr/www/wp-config.php on line 50
[24-Jun-2024 14:54:05 UTC] PHP Notice:  Constant WP_DEBUG_DISPLAY already defined in /home/olivierc/reussir-mon-ecommerce.fr/www/wp-config.php on line 51
[24-Jun-2024 14:54:05 UTC] PHP Notice:  Constant WP_DEBUG_LOG already defined in /home/olivierc/reussir-mon-ecommerce.fr/www/wp-config.php on line 52
[24-Jun-2024 14:54:05 UTC] PHP Notice:  Constant AUTOSAVE_INTERVAL already defined in /home/olivierc/reussir-mon-ecommerce.fr/www/wp-config.php on line 53
[24-Jun-2024 14:54:05 UTC] PHP Notice:  Constant WP_POST_REVISIONS already defined in /home/olivierc/reussir-mon-ecommerce.fr/www/wp-config.php on line 54
[24-Jun-2024 14:54:05 UTC] PHP Notice:  Constant EMPTY_TRASH_DAYS already defined in /home/olivierc/reussir-mon-ecommerce.fr/www/wp-config.php on line 55
[24-Jun-2024 14:54:05 UTC] PHP Notice:  Constant FORCE_SSL_ADMIN already defined in /home/olivierc/reussir-mon-ecommerce.fr/www/wp-config.php on line 59
[24-Jun-2024 14:54:05 UTC] PHP Notice:  Constant WPLANG already defined in /home/olivierc/reussir-mon-ecommerce.fr/www/wp-config.php on line 60
[24-Jun-2024 14:54:05 UTC] PHP Notice:  La fonction register_sidebar a été appelée de façon incorrecte. Aucun id n’a été configuré dans le tableau d’arguments de la colonne latérale « Sidebar ». « sidebar-1 » sera utilisé par défaut. Configurez manuellement id avec « sidebar-1 » pour faire disparaître cette notification et conserver le contenu actuel de la colonne latérale. Veuillez lire <a>Débogage dans WordPress</a> (en) pour plus d’informations. (Ce message a été ajouté à la version 4.2.0.) in /home/olivierc/reussir-mon-ecommerce.fr/www/wp-includes/functions.php on line 6078
[24-Jun-2024 14:54:05 UTC] PHP Notice:  La fonction register_sidebar a été appelée de façon incorrecte. Aucun id n’a été configuré dans le tableau d’arguments de la colonne latérale « Featured ». « sidebar-2 » sera utilisé par défaut. Configurez manuellement id avec « sidebar-2 » pour faire disparaître cette notification et conserver le contenu actuel de la colonne latérale. Veuillez lire <a>Débogage dans WordPress</a> (en) pour plus d’informations. (Ce message a été ajouté à la version 4.2.0.) in /home/olivierc/reussir-mon-ecommerce.fr/www/wp-includes/functions.php on line 6078
[24-Jun-2024 14:54:05 UTC] PHP Notice:  La fonction register_sidebar a été appelée de façon incorrecte. Aucun id n’a été configuré dans le tableau d’arguments de la colonne latérale « 404 ». « sidebar-3 » sera utilisé par défaut. Configurez manuellement id avec « sidebar-3 » pour faire disparaître cette notification et conserver le contenu actuel de la colonne latérale. Veuillez lire <a>Débogage dans WordPress</a> (en) pour plus d’informations. (Ce message a été ajouté à la version 4.2.0.) in /home/olivierc/reussir-mon-ecommerce.fr/www/wp-includes/functions.php on line 6078
[24-Jun-2024 14:54:05 UTC] PHP Notice:  La fonction register_sidebar a été appelée de façon incorrecte. Aucun id n’a été configuré dans le tableau d’arguments de la colonne latérale « Search ». « sidebar-4 » sera utilisé par défaut. Configurez manuellement id avec « sidebar-4 » pour faire disparaître cette notification et conserver le contenu actuel de la colonne latérale. Veuillez lire <a>Débogage dans WordPress</a> (en) pour plus d’informations. (Ce message a été ajouté à la version 4.2.0.) in /home/olivierc/reussir-mon-ecommerce.fr/www/wp-includes/functions.php on line 6078
[24-Jun-2024 14:54:05 UTC] PHP Deprecated:  La méthode de construction de la classe WP_Widget située dans SilverBlog_Featured_Widget est obsolète depuis la version 4.3.0 ! Utilisez __construct() à la place. in /home/olivierc/reussir-mon-ecommerce.fr/www/wp-includes/functions.php on line 6078
[24-Jun-2024 14:54:05 UTC] PHP Notice:  Constant WP_DEBUG already defined in /home/olivierc/reussir-mon-ecommerce.fr/www/wp-config.php on line 50
[24-Jun-2024 14:54:05 UTC] PHP Notice:  Constant WP_DEBUG_DISPLAY already defined in /home/olivierc/reussir-mon-ecommerce.fr/www/wp-config.php on line 51
[24-Jun-2024 14:54:05 UTC] PHP Notice:  Constant WP_DEBUG_LOG already defined in /home/olivierc/reussir-mon-ecommerce.fr/www/wp-config.php on line 52
[24-Jun-2024 14:54:05 UTC] PHP Notice:  Constant AUTOSAVE_INTERVAL already defined in /home/olivierc/reussir-mon-ecommerce.fr/www/wp-config.php on line 53
[24-Jun-2024 14:54:05 UTC] PHP Notice:  Constant WP_POST_REVISIONS already defined in /home/olivierc/reussir-mon-ecommerce.fr/www/wp-config.php on line 54
[24-Jun-2024 14:54:05 UTC] PHP Notice:  Constant EMPTY_TRASH_DAYS already defined in /home/olivierc/reussir-mon-ecommerce.fr/www/wp-config.php on line 55
[24-Jun-2024 14:54:05 UTC] PHP Notice:  Constant FORCE_SSL_ADMIN already defined in /home/olivierc/reussir-mon-ecommerce.fr/www/wp-config.php on line 59
[24-Jun-2024 14:54:05 UTC] PHP Notice:  Constant WPLANG already defined in /home/olivierc/reussir-mon-ecommerce.fr/www/wp-config.php on line 60
[24-Jun-2024 14:54:07 UTC] PHP Notice:  La fonction register_sidebar a été appelée de façon incorrecte. Aucun id n’a été configuré dans le tableau d’arguments de la colonne latérale « Sidebar ». « sidebar-1 » sera utilisé par défaut. Configurez manuellement id avec « sidebar-1 » pour faire disparaître cette notification et conserver le contenu actuel de la colonne latérale. Veuillez lire <a>Débogage dans WordPress</a> (en) pour plus d’informations. (Ce message a été ajouté à la version 4.2.0.) in /home/olivierc/reussir-mon-ecommerce.fr/www/wp-includes/functions.php on line 6078
[24-Jun-2024 14:54:07 UTC] PHP Notice:  La fonction register_sidebar a été appelée de façon incorrecte. Aucun id n’a été configuré dans le tableau d’arguments de la colonne latérale « Featured ». « sidebar-2 » sera utilisé par défaut. Configurez manuellement id avec « sidebar-2 » pour faire disparaître cette notification et conserver le contenu actuel de la colonne latérale. Veuillez lire <a>Débogage dans WordPress</a> (en) pour plus d’informations. (Ce message a été ajouté à la version 4.2.0.) in /home/olivierc/reussir-mon-ecommerce.fr/www/wp-includes/functions.php on line 6078
[24-Jun-2024 14:54:07 UTC] PHP Notice:  La fonction register_sidebar a été appelée de façon incorrecte. Aucun id n’a été configuré dans le tableau d’arguments de la colonne latérale « 404 ». « sidebar-3 » sera utilisé par défaut. Configurez manuellement id avec « sidebar-3 » pour faire disparaître cette notification et conserver le contenu actuel de la colonne latérale. Veuillez lire <a>Débogage dans WordPress</a> (en) pour plus d’informations. (Ce message a été ajouté à la version 4.2.0.) in /home/olivierc/reussir-mon-ecommerce.fr/www/wp-includes/functions.php on line 6078
[24-Jun-2024 14:54:07 UTC] PHP Notice:  La fonction register_sidebar a été appelée de façon incorrecte. Aucun id n’a été configuré dans le tableau d’arguments de la colonne latérale « Search ». « sidebar-4 » sera utilisé par défaut. Configurez manuellement id avec « sidebar-4 » pour faire disparaître cette notification et conserver le contenu actuel de la colonne latérale. Veuillez lire <a>Débogage dans WordPress</a> (en) pour plus d’informations. (Ce message a été ajouté à la version 4.2.0.) in /home/olivierc/reussir-mon-ecommerce.fr/www/wp-includes/functions.php on line 6078
[24-Jun-2024 14:54:07 UTC] PHP Deprecated:  La méthode de construction de la classe WP_Widget située dans SilverBlog_Featured_Widget est obsolète depuis la version 4.3.0 ! Utilisez __construct() à la place. in /home/olivierc/reussir-mon-ecommerce.fr/www/wp-includes/functions.php on line 6078
[24-Jun-2024 14:54:07 UTC] PHP Notice:  Constant WP_DEBUG already defined in /home/olivierc/reussir-mon-ecommerce.fr/www/wp-config.php on line 50
[24-Jun-2024 14:54:07 UTC] PHP Notice:  Constant WP_DEBUG_DISPLAY already defined in /home/olivierc/reussir-mon-ecommerce.fr/www/wp-config.php on line 51
[24-Jun-2024 14:54:07 UTC] PHP Notice:  Constant WP_DEBUG_LOG already defined in /home/olivierc/reussir-mon-ecommerce.fr/www/wp-config.php on line 52
[24-Jun-2024 14:54:07 UTC] PHP Notice:  Constant AUTOSAVE_INTERVAL already defined in /home/olivierc/reussir-mon-ecommerce.fr/www/wp-config.php on line 53
[24-Jun-2024 14:54:07 UTC] PHP Notice:  Constant WP_POST_REVISIONS already defined in /home/olivierc/reussir-mon-ecommerce.fr/www/wp-config.php on line 54
[24-Jun-2024 14:54:07 UTC] PHP Notice:  Constant EMPTY_TRASH_DAYS already defined in /home/olivierc/reussir-mon-ecommerce.fr/www/wp-config.php on line 55
[24-Jun-2024 14:54:07 UTC] PHP Notice:  Constant FORCE_SSL_ADMIN already defined in /home/olivierc/reussir-mon-ecommerce.fr/www/wp-config.php on line 59
[24-Jun-2024 14:54:07 UTC] PHP Notice:  Constant WPLANG already defined in /home/olivierc/reussir-mon-ecommerce.fr/www/wp-config.php on line 60
[24-Jun-2024 14:54:08 UTC] PHP Notice:  La fonction register_sidebar a été appelée de façon incorrecte. Aucun id n’a été configuré dans le tableau d’arguments de la colonne latérale « Sidebar ». « sidebar-1 » sera utilisé par défaut. Configurez manuellement id avec « sidebar-1 » pour faire disparaître cette notification et conserver le contenu actuel de la colonne latérale. Veuillez lire <a>Débogage dans WordPress</a> (en) pour plus d’informations. (Ce message a été ajouté à la version 4.2.0.) in /home/olivierc/reussir-mon-ecommerce.fr/www/wp-includes/functions.php on line 6078
[24-Jun-2024 14:54:08 UTC] PHP Notice:  La fonction register_sidebar a été appelée de façon incorrecte. Aucun id n’a été configuré dans le tableau d’arguments de la colonne latérale « Featured ». « sidebar-2 » sera utilisé par défaut. Configurez manuellement id avec « sidebar-2 » pour faire disparaître cette notification et conserver le contenu actuel de la colonne latérale. Veuillez lire <a>Débogage dans WordPress</a> (en) pour plus d’informations. (Ce message a été ajouté à la version 4.2.0.) in /home/olivierc/reussir-mon-ecommerce.fr/www/wp-includes/functions.php on line 6078
[24-Jun-2024 14:54:08 UTC] PHP Notice:  La fonction register_sidebar a été appelée de façon incorrecte. Aucun id n’a été configuré dans le tableau d’arguments de la colonne latérale « 404 ». « sidebar-3 » sera utilisé par défaut. Configurez manuellement id avec « sidebar-3 » pour faire disparaître cette notification et conserver le contenu actuel de la colonne latérale. Veuillez lire <a>Débogage dans WordPress</a> (en) pour plus d’informations. (Ce message a été ajouté à la version 4.2.0.) in /home/olivierc/reussir-mon-ecommerce.fr/www/wp-includes/functions.php on line 6078
[24-Jun-2024 14:54:08 UTC] PHP Notice:  La fonction register_sidebar a été appelée de façon incorrecte. Aucun id n’a été configuré dans le tableau d’arguments de la colonne latérale « Search ». « sidebar-4 » sera utilisé par défaut. Configurez manuellement id avec « sidebar-4 » pour faire disparaître cette notification et conserver le contenu actuel de la colonne latérale. Veuillez lire <a>Débogage dans WordPress</a> (en) pour plus d’informations. (Ce message a été ajouté à la version 4.2.0.) in /home/olivierc/reussir-mon-ecommerce.fr/www/wp-includes/functions.php on line 6078
[24-Jun-2024 14:54:08 UTC] PHP Deprecated:  La méthode de construction de la classe WP_Widget située dans SilverBlog_Featured_Widget est obsolète depuis la version 4.3.0 ! Utilisez __construct() à la place. in /home/olivierc/reussir-mon-ecommerce.fr/www/wp-includes/functions.php on line 6078
[24-Jun-2024 14:54:08 UTC] PHP Notice:  Constant WP_DEBUG already defined in /home/olivierc/reussir-mon-ecommerce.fr/www/wp-config.php on line 50
[24-Jun-2024 14:54:08 UTC] PHP Notice:  Constant WP_DEBUG_DISPLAY already defined in /home/olivierc/reussir-mon-ecommerce.fr/www/wp-config.php on line 51
[24-Jun-2024 14:54:08 UTC] PHP Notice:  Constant WP_DEBUG_LOG already defined in /home/olivierc/reussir-mon-ecommerce.fr/www/wp-config.php on line 52
[24-Jun-2024 14:54:08 UTC] PHP Notice:  Constant AUTOSAVE_INTERVAL already defined in /home/olivierc/reussir-mon-ecommerce.fr/www/wp-config.php on line 53
[24-Jun-2024 14:54:08 UTC] PHP Notice:  Constant WP_POST_REVISIONS already defined in /home/olivierc/reussir-mon-ecommerce.fr/www/wp-config.php on line 54
[24-Jun-2024 14:54:08 UTC] PHP Notice:  Constant EMPTY_TRASH_DAYS already defined in /home/olivierc/reussir-mon-ecommerce.fr/www/wp-config.php on line 55
[24-Jun-2024 14:54:08 UTC] PHP Notice:  Constant FORCE_SSL_ADMIN already defined in /home/olivierc/reussir-mon-ecommerce.fr/www/wp-config.php on line 59
[24-Jun-2024 14:54:08 UTC] PHP Notice:  Constant WPLANG already defined in /home/olivierc/reussir-mon-ecommerce.fr/www/wp-config.php on line 60
[24-Jun-2024 14:54:13 UTC] PHP Notice:  La fonction register_sidebar a été appelée de façon incorrecte. Aucun id n’a été configuré dans le tableau d’arguments de la colonne latérale « Sidebar ». « sidebar-1 » sera utilisé par défaut. Configurez manuellement id avec « sidebar-1 » pour faire disparaître cette notification et conserver le contenu actuel de la colonne latérale. Veuillez lire <a>Débogage dans WordPress</a> (en) pour plus d’informations. (Ce message a été ajouté à la version 4.2.0.) in /home/olivierc/reussir-mon-ecommerce.fr/www/wp-includes/functions.php on line 6078
[24-Jun-2024 14:54:13 UTC] PHP Notice:  La fonction register_sidebar a été appelée de façon incorrecte. Aucun id n’a été configuré dans le tableau d’arguments de la colonne latérale « Featured ». « sidebar-2 » sera utilisé par défaut. Configurez manuellement id avec « sidebar-2 » pour faire disparaître cette notification et conserver le contenu actuel de la colonne latérale. Veuillez lire <a>Débogage dans WordPress</a> (en) pour plus d’informations. (Ce message a été ajouté à la version 4.2.0.) in /home/olivierc/reussir-mon-ecommerce.fr/www/wp-includes/functions.php on line 6078
[24-Jun-2024 14:54:13 UTC] PHP Notice:  La fonction register_sidebar a été appelée de façon incorrecte. Aucun id n’a été configuré dans le tableau d’arguments de la colonne latérale « 404 ». « sidebar-3 » sera utilisé par défaut. Configurez manuellement id avec « sidebar-3 » pour faire disparaître cette notification et conserver le contenu actuel de la colonne latérale. Veuillez lire <a>Débogage dans WordPress</a> (en) pour plus d’informations. (Ce message a été ajouté à la version 4.2.0.) in /home/olivierc/reussir-mon-ecommerce.fr/www/wp-includes/functions.php on line 6078
[24-Jun-2024 14:54:13 UTC] PHP Notice:  La fonction register_sidebar a été appelée de façon incorrecte. Aucun id n’a été configuré dans le tableau d’arguments de la colonne latérale « Search ». « sidebar-4 » sera utilisé par défaut. Configurez manuellement id avec « sidebar-4 » pour faire disparaître cette notification et conserver le contenu actuel de la colonne latérale. Veuillez lire <a>Débogage dans WordPress</a> (en) pour plus d’informations. (Ce message a été ajouté à la version 4.2.0.) in /home/olivierc/reussir-mon-ecommerce.fr/www/wp-includes/functions.php on line 6078
[24-Jun-2024 14:54:13 UTC] PHP Deprecated:  La méthode de construction de la classe WP_Widget située dans SilverBlog_Featured_Widget est obsolète depuis la version 4.3.0 ! Utilisez __construct() à la place. in /home/olivierc/reussir-mon-ecommerce.fr/www/wp-includes/functions.php on line 6078
[24-Jun-2024 14:54:13 UTC] PHP Notice:  Constant WP_DEBUG already defined in /home/olivierc/reussir-mon-ecommerce.fr/www/wp-config.php on line 50
[24-Jun-2024 14:54:13 UTC] PHP Notice:  Constant WP_DEBUG_DISPLAY already defined in /home/olivierc/reussir-mon-ecommerce.fr/www/wp-config.php on line 51
[24-Jun-2024 14:54:13 UTC] PHP Notice:  Constant WP_DEBUG_LOG already defined in /home/olivierc/reussir-mon-ecommerce.fr/www/wp-config.php on line 52
[24-Jun-2024 14:54:13 UTC] PHP Notice:  Constant AUTOSAVE_INTERVAL already defined in /home/olivierc/reussir-mon-ecommerce.fr/www/wp-config.php on line 53
[24-Jun-2024 14:54:13 UTC] PHP Notice:  Constant WP_POST_REVISIONS already defined in /home/olivierc/reussir-mon-ecommerce.fr/www/wp-config.php on line 54
[24-Jun-2024 14:54:13 UTC] PHP Notice:  Constant EMPTY_TRASH_DAYS already defined in /home/olivierc/reussir-mon-ecommerce.fr/www/wp-config.php on line 55
[24-Jun-2024 14:54:13 UTC] PHP Notice:  Constant FORCE_SSL_ADMIN already defined in /home/olivierc/reussir-mon-ecommerce.fr/www/wp-config.php on line 59
[24-Jun-2024 14:54:13 UTC] PHP Notice:  Constant WPLANG already defined in /home/olivierc/reussir-mon-ecommerce.fr/www/wp-config.php on line 60
[24-Jun-2024 14:55:49 UTC] PHP Warning:  mysqli_real_connect(): (HY000/2002): Connection refused in /home/olivierc/reussir-mon-ecommerce.fr/www/wp-includes/class-wpdb.php on line 1987
[24-Jun-2024 14:55:50 UTC] PHP Deprecated:  Le fichier wp-db.php est obsolète depuis la version 6.1.0 ! Utilisez wp-includes/class-wpdb.php à la place. in /home/olivierc/reussir-mon-ecommerce.fr/www/wp-includes/functions.php on line 6078
[24-Jun-2024 14:55:50 UTC] PHP Warning:  mysqli_real_connect(): (HY000/2002): Connection refused in /home/olivierc/reussir-mon-ecommerce.fr/www/wp-includes/class-wpdb.php on line 1987
