*WARN*	2025/09/09 - 17:37:08: File name: WkErpConfiguration.php - Line No: 34
Message: OpenERP Credentials Has been updated.
*ERROR*	2025/09/09 - 17:37:08: File name: WkErpConfiguration.php - Line No: 283
Message: HTTP/1.1 400 Bad Request
Server: nginx
Date: Tue, 09 Sep 2025 15:37:08 GMT
Content-Type: text/html
Content-Length: 248
Connection: close

<html>
<head><title>400 The plain HTTP request was sent to HTTPS port</title></head>
<body>
<center><h1>400 Bad Request</h1></center>
<center>The plain HTTP request was sent to HTTPS port</center>
<hr><center>nginx</center>
</body>
</html>

*WARN*	2025/09/09 - 17:37:20: File name: WkErpConfiguration.php - Line No: 34
Message: OpenERP Credentials Has been updated.
*ERROR*	2025/09/09 - 17:37:21: File name: WkErpConfiguration.php - Line No: 283
Message: 
*WARN*	2025/09/09 - 17:37:55: File name: WkErpConfiguration.php - Line No: 34
Message: OpenERP Credentials Has been updated.
*ERROR*	2025/09/09 - 17:37:56: File name: WkErpConfiguration.php - Line No: 283
Message: 
*WARN*	2025/09/09 - 17:38:05: File name: WkErpConfiguration.php - Line No: 34
Message: OpenERP Credentials Has been updated.
*ERROR*	2025/09/09 - 17:38:06: File name: WkErpConfiguration.php - Line No: 283
Message: 
