*WARN*	2019/09/24 - 11:20:09: File name: WkErpConfiguration.php - Line No: 33
Message: OpenERP Credentials Has been updated.
*WARN*	2019/09/24 - 11:20:43: File name: WkErpConfiguration.php - Line No: 33
Message: OpenERP Credentials Has been updated.
*WARN*	2019/09/24 - 11:21:03: File name: WkErpConfiguration.php - Line No: 33
Message: OpenERP Credentials Has been updated.
*ERROR*	2019/09/24 - 11:21:03: File name: WkErpConfiguration.php - Line No: 278
Message: HTTP/1.0 200 OK
Content-Type: text/xml; charset=utf-8
Content-Length: 862
Server: Werkzeug/0.14.1 Python/3.5.2
Date: Tue, 24 Sep 2019 05:51:03 GMT

<?xml version='1.0'?>
<methodResponse>
<fault>
<value><struct>
<member>
<name>faultString</name>
<value><string>Traceback (most recent call last):
  File "/opt/odoo/odoo/addons/base/controllers/rpc.py", line 27, in xmlrpc_1
    response = self._xmlrpc(service)
  File "/opt/odoo/odoo/addons/base/controllers/rpc.py", line 16, in _xmlrpc
    result = dispatch_rpc(service, method, params)
  File "/opt/odoo/odoo/http.py", line 120, in dispatch_rpc
    result = dispatch(method, params)
  File "/opt/odoo/odoo/service/common.py", line 61, in dispatch
    return g[exp_method_name](*params)
TypeError: exp_login() takes 3 positional arguments but 4 were given
</string></value>
</member>
<member>
<name>faultCode</name>
<value><string>exp_login() takes 3 positional arguments but 4 were given</string></value>
</member>
</struct></value>
</fault>
</methodResponse>

*WARN*	2019/09/24 - 11:21:08: File name: WkErpConfiguration.php - Line No: 33
Message: OpenERP Credentials Has been updated.
*ERROR*	2019/09/24 - 11:21:08: File name: WkErpConfiguration.php - Line No: 278
Message: HTTP/1.0 200 OK
Content-Type: text/xml; charset=utf-8
Content-Length: 862
Server: Werkzeug/0.14.1 Python/3.5.2
Date: Tue, 24 Sep 2019 05:51:08 GMT

<?xml version='1.0'?>
<methodResponse>
<fault>
<value><struct>
<member>
<name>faultString</name>
<value><string>Traceback (most recent call last):
  File "/opt/odoo/odoo/addons/base/controllers/rpc.py", line 27, in xmlrpc_1
    response = self._xmlrpc(service)
  File "/opt/odoo/odoo/addons/base/controllers/rpc.py", line 16, in _xmlrpc
    result = dispatch_rpc(service, method, params)
  File "/opt/odoo/odoo/http.py", line 120, in dispatch_rpc
    result = dispatch(method, params)
  File "/opt/odoo/odoo/service/common.py", line 61, in dispatch
    return g[exp_method_name](*params)
TypeError: exp_login() takes 3 positional arguments but 4 were given
</string></value>
</member>
<member>
<name>faultCode</name>
<value><string>exp_login() takes 3 positional arguments but 4 were given</string></value>
</member>
</struct></value>
</fault>
</methodResponse>

*WARN*	2019/09/24 - 11:21:14: File name: WkErpConfiguration.php - Line No: 33
Message: OpenERP Credentials Has been updated.
*WARN*	2019/09/24 - 11:22:21: File name: WkErpConfiguration.php - Line No: 33
Message: OpenERP Credentials Has been updated.
*ERROR*	2019/09/24 - 11:22:21: File name: WkErpConfiguration.php - Line No: 278
Message: HTTP/1.0 200 OK
Content-Type: text/xml; charset=utf-8
Content-Length: 862
Server: Werkzeug/0.14.1 Python/3.5.2
Date: Tue, 24 Sep 2019 05:52:21 GMT

<?xml version='1.0'?>
<methodResponse>
<fault>
<value><struct>
<member>
<name>faultString</name>
<value><string>Traceback (most recent call last):
  File "/opt/odoo/odoo/addons/base/controllers/rpc.py", line 27, in xmlrpc_1
    response = self._xmlrpc(service)
  File "/opt/odoo/odoo/addons/base/controllers/rpc.py", line 16, in _xmlrpc
    result = dispatch_rpc(service, method, params)
  File "/opt/odoo/odoo/http.py", line 120, in dispatch_rpc
    result = dispatch(method, params)
  File "/opt/odoo/odoo/service/common.py", line 61, in dispatch
    return g[exp_method_name](*params)
TypeError: exp_login() takes 3 positional arguments but 4 were given
</string></value>
</member>
<member>
<name>faultCode</name>
<value><string>exp_login() takes 3 positional arguments but 4 were given</string></value>
</member>
</struct></value>
</fault>
</methodResponse>

*WARN*	2019/09/24 - 11:22:25: File name: WkErpConfiguration.php - Line No: 33
Message: OpenERP Credentials Has been updated.
*WARN*	2019/09/24 - 11:22:28: File name: WkErpConfiguration.php - Line No: 33
Message: OpenERP Credentials Has been updated.
*WARN*	2019/09/24 - 11:22:39: File name: WkErpConfiguration.php - Line No: 33
Message: OpenERP Credentials Has been updated.
*WARN*	2019/09/24 - 11:22:48: File name: WkErpConfiguration.php - Line No: 33
Message: OpenERP Credentials Has been updated.
*ERROR*	2019/09/24 - 11:22:48: File name: WkErpConfiguration.php - Line No: 278
Message: HTTP/1.0 200 OK
Content-Type: text/xml; charset=utf-8
Content-Length: 862
Server: Werkzeug/0.14.1 Python/3.5.2
Date: Tue, 24 Sep 2019 05:52:48 GMT

<?xml version='1.0'?>
<methodResponse>
<fault>
<value><struct>
<member>
<name>faultString</name>
<value><string>Traceback (most recent call last):
  File "/opt/odoo/odoo/addons/base/controllers/rpc.py", line 27, in xmlrpc_1
    response = self._xmlrpc(service)
  File "/opt/odoo/odoo/addons/base/controllers/rpc.py", line 16, in _xmlrpc
    result = dispatch_rpc(service, method, params)
  File "/opt/odoo/odoo/http.py", line 120, in dispatch_rpc
    result = dispatch(method, params)
  File "/opt/odoo/odoo/service/common.py", line 61, in dispatch
    return g[exp_method_name](*params)
TypeError: exp_login() takes 3 positional arguments but 4 were given
</string></value>
</member>
<member>
<name>faultCode</name>
<value><string>exp_login() takes 3 positional arguments but 4 were given</string></value>
</member>
</struct></value>
</fault>
</methodResponse>

*WARN*	2019/09/24 - 11:22:53: File name: WkErpConfiguration.php - Line No: 33
Message: OpenERP Credentials Has been updated.
*WARN*	2019/09/24 - 11:32:05: File name: WkErpConfiguration.php - Line No: 33
Message: OpenERP Credentials Has been updated.
*WARN*	2019/09/24 - 11:32:17: File name: WkErpConfiguration.php - Line No: 33
Message: OpenERP Credentials Has been updated.
*WARN*	2019/09/24 - 11:32:49: File name: WkErpConfiguration.php - Line No: 33
Message: OpenERP Credentials Has been updated.
*WARN*	2019/09/24 - 11:33:28: File name: WkErpConfiguration.php - Line No: 33
Message: OpenERP Credentials Has been updated.
*WARN*	2019/09/24 - 11:33:32: File name: WkErpConfiguration.php - Line No: 33
Message: OpenERP Credentials Has been updated.
*WARN*	2019/09/24 - 11:33:51: File name: WkErpConfiguration.php - Line No: 33
Message: OpenERP Credentials Has been updated.
*WARN*	2019/09/24 - 11:33:55: File name: WkErpConfiguration.php - Line No: 33
Message: OpenERP Credentials Has been updated.
*WARN*	2019/09/24 - 11:35:12: File name: WkErpConfiguration.php - Line No: 33
Message: OpenERP Credentials Has been updated.
*ERROR*	2019/09/24 - 11:35:12: File name: WkErpConfiguration.php - Line No: 278
Message: HTTP/1.0 200 OK
Content-Type: text/xml; charset=utf-8
Content-Length: 862
Server: Werkzeug/0.14.1 Python/3.5.2
Date: Tue, 24 Sep 2019 06:05:12 GMT

<?xml version='1.0'?>
<methodResponse>
<fault>
<value><struct>
<member>
<name>faultString</name>
<value><string>Traceback (most recent call last):
  File "/opt/odoo/odoo/addons/base/controllers/rpc.py", line 27, in xmlrpc_1
    response = self._xmlrpc(service)
  File "/opt/odoo/odoo/addons/base/controllers/rpc.py", line 16, in _xmlrpc
    result = dispatch_rpc(service, method, params)
  File "/opt/odoo/odoo/http.py", line 120, in dispatch_rpc
    result = dispatch(method, params)
  File "/opt/odoo/odoo/service/common.py", line 61, in dispatch
    return g[exp_method_name](*params)
TypeError: exp_login() takes 3 positional arguments but 4 were given
</string></value>
</member>
<member>
<name>faultCode</name>
<value><string>exp_login() takes 3 positional arguments but 4 were given</string></value>
</member>
</struct></value>
</fault>
</methodResponse>

*WARN*	2019/09/24 - 11:35:16: File name: WkErpConfiguration.php - Line No: 33
Message: OpenERP Credentials Has been updated.
*ERROR*	2019/09/24 - 11:35:16: File name: WkErpConfiguration.php - Line No: 278
Message: HTTP/1.0 200 OK
Content-Type: text/xml; charset=utf-8
Content-Length: 862
Server: Werkzeug/0.14.1 Python/3.5.2
Date: Tue, 24 Sep 2019 06:05:16 GMT

<?xml version='1.0'?>
<methodResponse>
<fault>
<value><struct>
<member>
<name>faultString</name>
<value><string>Traceback (most recent call last):
  File "/opt/odoo/odoo/addons/base/controllers/rpc.py", line 27, in xmlrpc_1
    response = self._xmlrpc(service)
  File "/opt/odoo/odoo/addons/base/controllers/rpc.py", line 16, in _xmlrpc
    result = dispatch_rpc(service, method, params)
  File "/opt/odoo/odoo/http.py", line 120, in dispatch_rpc
    result = dispatch(method, params)
  File "/opt/odoo/odoo/service/common.py", line 61, in dispatch
    return g[exp_method_name](*params)
TypeError: exp_login() takes 3 positional arguments but 4 were given
</string></value>
</member>
<member>
<name>faultCode</name>
<value><string>exp_login() takes 3 positional arguments but 4 were given</string></value>
</member>
</struct></value>
</fault>
</methodResponse>

*WARN*	2019/09/24 - 13:12:54: File name: WkErpConfiguration.php - Line No: 33
Message: OpenERP Credentials Has been updated.
*ERROR*	2019/09/24 - 13:12:54: File name: WkErpConfiguration.php - Line No: 278
Message: HTTP/1.0 200 OK
Content-Type: text/xml; charset=utf-8
Content-Length: 862
Server: Werkzeug/0.14.1 Python/3.5.2
Date: Tue, 24 Sep 2019 07:42:54 GMT

<?xml version='1.0'?>
<methodResponse>
<fault>
<value><struct>
<member>
<name>faultCode</name>
<value><string>exp_login() takes 3 positional arguments but 4 were given</string></value>
</member>
<member>
<name>faultString</name>
<value><string>Traceback (most recent call last):
  File "/opt/odoo/odoo/addons/base/controllers/rpc.py", line 27, in xmlrpc_1
    response = self._xmlrpc(service)
  File "/opt/odoo/odoo/addons/base/controllers/rpc.py", line 16, in _xmlrpc
    result = dispatch_rpc(service, method, params)
  File "/opt/odoo/odoo/http.py", line 120, in dispatch_rpc
    result = dispatch(method, params)
  File "/opt/odoo/odoo/service/common.py", line 61, in dispatch
    return g[exp_method_name](*params)
TypeError: exp_login() takes 3 positional arguments but 4 were given
</string></value>
</member>
</struct></value>
</fault>
</methodResponse>

*WARN*	2019/09/24 - 13:13:23: File name: WkErpConfiguration.php - Line No: 33
Message: OpenERP Credentials Has been updated.
*ERROR*	2019/09/24 - 13:13:23: File name: WkErpConfiguration.php - Line No: 278
Message: HTTP/1.0 200 OK
Content-Type: text/xml; charset=utf-8
Content-Length: 862
Server: Werkzeug/0.14.1 Python/3.5.2
Date: Tue, 24 Sep 2019 07:43:23 GMT

<?xml version='1.0'?>
<methodResponse>
<fault>
<value><struct>
<member>
<name>faultCode</name>
<value><string>exp_login() takes 3 positional arguments but 4 were given</string></value>
</member>
<member>
<name>faultString</name>
<value><string>Traceback (most recent call last):
  File "/opt/odoo/odoo/addons/base/controllers/rpc.py", line 27, in xmlrpc_1
    response = self._xmlrpc(service)
  File "/opt/odoo/odoo/addons/base/controllers/rpc.py", line 16, in _xmlrpc
    result = dispatch_rpc(service, method, params)
  File "/opt/odoo/odoo/http.py", line 120, in dispatch_rpc
    result = dispatch(method, params)
  File "/opt/odoo/odoo/service/common.py", line 61, in dispatch
    return g[exp_method_name](*params)
TypeError: exp_login() takes 3 positional arguments but 4 were given
</string></value>
</member>
</struct></value>
</fault>
</methodResponse>

*WARN*	2019/09/24 - 13:17:40: File name: WkErpConfiguration.php - Line No: 33
Message: OpenERP Credentials Has been updated.
*ERROR*	2019/09/24 - 13:17:40: File name: WkErpConfiguration.php - Line No: 278
Message: HTTP/1.0 200 OK
Content-Type: text/xml; charset=utf-8
Content-Length: 862
Server: Werkzeug/0.14.1 Python/3.5.2
Date: Tue, 24 Sep 2019 07:47:40 GMT

<?xml version='1.0'?>
<methodResponse>
<fault>
<value><struct>
<member>
<name>faultCode</name>
<value><string>exp_login() takes 3 positional arguments but 4 were given</string></value>
</member>
<member>
<name>faultString</name>
<value><string>Traceback (most recent call last):
  File "/opt/odoo/odoo/addons/base/controllers/rpc.py", line 27, in xmlrpc_1
    response = self._xmlrpc(service)
  File "/opt/odoo/odoo/addons/base/controllers/rpc.py", line 16, in _xmlrpc
    result = dispatch_rpc(service, method, params)
  File "/opt/odoo/odoo/http.py", line 120, in dispatch_rpc
    result = dispatch(method, params)
  File "/opt/odoo/odoo/service/common.py", line 61, in dispatch
    return g[exp_method_name](*params)
TypeError: exp_login() takes 3 positional arguments but 4 were given
</string></value>
</member>
</struct></value>
</fault>
</methodResponse>

*WARN*	2019/09/24 - 13:22:21: File name: WkErpConfiguration.php - Line No: 34
Message: OpenERP Credentials Has been updated.
*ERROR*	2019/09/24 - 13:22:21: File name: WkErpConfiguration.php - Line No: 283
Message: HTTP/1.0 200 OK
Content-Type: text/xml; charset=utf-8
Content-Length: 862
Server: Werkzeug/0.14.1 Python/3.5.2
Date: Tue, 24 Sep 2019 07:52:21 GMT

<?xml version='1.0'?>
<methodResponse>
<fault>
<value><struct>
<member>
<name>faultCode</name>
<value><string>exp_login() takes 3 positional arguments but 4 were given</string></value>
</member>
<member>
<name>faultString</name>
<value><string>Traceback (most recent call last):
  File "/opt/odoo/odoo/addons/base/controllers/rpc.py", line 27, in xmlrpc_1
    response = self._xmlrpc(service)
  File "/opt/odoo/odoo/addons/base/controllers/rpc.py", line 16, in _xmlrpc
    result = dispatch_rpc(service, method, params)
  File "/opt/odoo/odoo/http.py", line 120, in dispatch_rpc
    result = dispatch(method, params)
  File "/opt/odoo/odoo/service/common.py", line 61, in dispatch
    return g[exp_method_name](*params)
TypeError: exp_login() takes 3 positional arguments but 4 were given
</string></value>
</member>
</struct></value>
</fault>
</methodResponse>

*WARN*	2019/09/24 - 13:22:23: File name: WkErpConfiguration.php - Line No: 34
Message: OpenERP Credentials Has been updated.
*ERROR*	2019/09/24 - 13:22:23: File name: WkErpConfiguration.php - Line No: 283
Message: HTTP/1.0 200 OK
Content-Type: text/xml; charset=utf-8
Content-Length: 862
Server: Werkzeug/0.14.1 Python/3.5.2
Date: Tue, 24 Sep 2019 07:52:23 GMT

<?xml version='1.0'?>
<methodResponse>
<fault>
<value><struct>
<member>
<name>faultCode</name>
<value><string>exp_login() takes 3 positional arguments but 4 were given</string></value>
</member>
<member>
<name>faultString</name>
<value><string>Traceback (most recent call last):
  File "/opt/odoo/odoo/addons/base/controllers/rpc.py", line 27, in xmlrpc_1
    response = self._xmlrpc(service)
  File "/opt/odoo/odoo/addons/base/controllers/rpc.py", line 16, in _xmlrpc
    result = dispatch_rpc(service, method, params)
  File "/opt/odoo/odoo/http.py", line 120, in dispatch_rpc
    result = dispatch(method, params)
  File "/opt/odoo/odoo/service/common.py", line 61, in dispatch
    return g[exp_method_name](*params)
TypeError: exp_login() takes 3 positional arguments but 4 were given
</string></value>
</member>
</struct></value>
</fault>
</methodResponse>

*WARN*	2019/09/24 - 14:30:43: File name: WkErpConfiguration.php - Line No: 34
Message: OpenERP Credentials Has been updated.
*ERROR*	2019/09/24 - 14:30:43: File name: WkErpConfiguration.php - Line No: 283
Message: HTTP/1.0 200 OK
Content-Type: text/xml; charset=utf-8
Content-Length: 862
Server: Werkzeug/0.14.1 Python/3.5.2
Date: Tue, 24 Sep 2019 09:00:43 GMT

<?xml version='1.0'?>
<methodResponse>
<fault>
<value><struct>
<member>
<name>faultCode</name>
<value><string>exp_login() takes 3 positional arguments but 4 were given</string></value>
</member>
<member>
<name>faultString</name>
<value><string>Traceback (most recent call last):
  File "/opt/odoo/odoo/addons/base/controllers/rpc.py", line 27, in xmlrpc_1
    response = self._xmlrpc(service)
  File "/opt/odoo/odoo/addons/base/controllers/rpc.py", line 16, in _xmlrpc
    result = dispatch_rpc(service, method, params)
  File "/opt/odoo/odoo/http.py", line 120, in dispatch_rpc
    result = dispatch(method, params)
  File "/opt/odoo/odoo/service/common.py", line 61, in dispatch
    return g[exp_method_name](*params)
TypeError: exp_login() takes 3 positional arguments but 4 were given
</string></value>
</member>
</struct></value>
</fault>
</methodResponse>

*WARN*	2019/09/24 - 14:33:39: File name: WkErpConfiguration.php - Line No: 34
Message: OpenERP Credentials Has been updated.
*ERROR*	2019/09/24 - 14:33:39: File name: WkErpConfiguration.php - Line No: 284
Message: HTTP/1.0 200 OK
Content-Type: text/xml; charset=utf-8
Content-Length: 862
Server: Werkzeug/0.14.1 Python/3.5.2
Date: Tue, 24 Sep 2019 09:03:39 GMT

<?xml version='1.0'?>
<methodResponse>
<fault>
<value><struct>
<member>
<name>faultCode</name>
<value><string>exp_login() takes 3 positional arguments but 4 were given</string></value>
</member>
<member>
<name>faultString</name>
<value><string>Traceback (most recent call last):
  File "/opt/odoo/odoo/addons/base/controllers/rpc.py", line 27, in xmlrpc_1
    response = self._xmlrpc(service)
  File "/opt/odoo/odoo/addons/base/controllers/rpc.py", line 16, in _xmlrpc
    result = dispatch_rpc(service, method, params)
  File "/opt/odoo/odoo/http.py", line 120, in dispatch_rpc
    result = dispatch(method, params)
  File "/opt/odoo/odoo/service/common.py", line 61, in dispatch
    return g[exp_method_name](*params)
TypeError: exp_login() takes 3 positional arguments but 4 were given
</string></value>
</member>
</struct></value>
</fault>
</methodResponse>

