*WARN*	2022/02/03 - 05:28:42: File name: WkErpConfiguration.php - Line No: 34
Message: OpenERP Credentials Has been updated.
*WARN*	2022/02/03 - 05:28:45: File name: WkErpConfiguration.php - Line No: 34
Message: OpenERP Credentials Has been updated.
*WARN*	2022/02/03 - 05:29:14: File name: WkErpConfiguration.php - Line No: 34
Message: OpenERP Credentials Has been updated.
*WARN*	2022/02/03 - 05:29:21: File name: WkErpConfiguration.php - Line No: 34
Message: OpenERP Credentials Has been updated.
*WARN*	2022/02/03 - 05:29:40: File name: WkErpConfiguration.php - Line No: 34
Message: OpenERP Credentials Has been updated.
*WARN*	2022/02/03 - 05:29:46: File name: WkErpConfiguration.php - Line No: 34
Message: OpenERP Credentials Has been updated.
*WARN*	2022/02/03 - 05:34:11: File name: WkErpConfiguration.php - Line No: 34
Message: OpenERP Credentials Has been updated.
*WARN*	2022/02/03 - 05:34:55: File name: WkErpConfiguration.php - Line No: 34
Message: OpenERP Credentials Has been updated.
*WARN*	2022/02/03 - 05:43:36: File name: WkErpConfiguration.php - Line No: 34
Message: OpenERP Credentials Has been updated.
*WARN*	2022/02/03 - 05:43:41: File name: WkErpConfiguration.php - Line No: 34
Message: OpenERP Credentials Has been updated.
*WARN*	2022/02/03 - 05:44:14: File name: WkErpConfiguration.php - Line No: 34
Message: OpenERP Credentials Has been updated.
*WARN*	2022/02/03 - 05:54:44: File name: WkErpConfiguration.php - Line No: 34
Message: OpenERP Credentials Has been updated.
*WARN*	2022/02/03 - 05:55:13: File name: WkErpConfiguration.php - Line No: 34
Message: OpenERP Credentials Has been updated.
*WARN*	2022/02/03 - 05:55:33: File name: WkErpConfiguration.php - Line No: 34
Message: OpenERP Credentials Has been updated.
*WARN*	2022/02/03 - 05:55:43: File name: WkErpConfiguration.php - Line No: 34
Message: OpenERP Credentials Has been updated.
*WARN*	2022/02/03 - 05:55:59: File name: WkErpConfiguration.php - Line No: 34
Message: OpenERP Credentials Has been updated.
*WARN*	2022/02/03 - 06:01:48: File name: WkErpConfiguration.php - Line No: 34
Message: OpenERP Credentials Has been updated.
*WARN*	2022/02/03 - 06:05:41: File name: WkErpConfiguration.php - Line No: 34
Message: OpenERP Credentials Has been updated.
*WARN*	2022/02/03 - 06:12:07: File name: WkErpConfiguration.php - Line No: 34
Message: OpenERP Credentials Has been updated.
*WARN*	2022/02/03 - 06:12:18: File name: WkErpConfiguration.php - Line No: 34
Message: OpenERP Credentials Has been updated.
*WARN*	2022/02/03 - 06:16:30: File name: WkErpConfiguration.php - Line No: 34
Message: OpenERP Credentials Has been updated.
*WARN*	2022/02/03 - 06:17:06: File name: WkErpConfiguration.php - Line No: 34
Message: OpenERP Credentials Has been updated.
*WARN*	2022/02/03 - 06:17:10: File name: WkErpConfiguration.php - Line No: 34
Message: OpenERP Credentials Has been updated.
*WARN*	2022/02/03 - 06:18:20: File name: WkErpConfiguration.php - Line No: 34
Message: OpenERP Credentials Has been updated.
*WARN*	2022/02/03 - 06:19:39: File name: WkErpConfiguration.php - Line No: 34
Message: OpenERP Credentials Has been updated.
*WARN*	2022/02/03 - 06:20:50: File name: WkErpConfiguration.php - Line No: 34
Message: OpenERP Credentials Has been updated.
*WARN*	2022/02/03 - 06:22:10: File name: WkErpConfiguration.php - Line No: 34
Message: OpenERP Credentials Has been updated.
*WARN*	2022/02/03 - 06:22:33: File name: WkErpConfiguration.php - Line No: 34
Message: OpenERP Credentials Has been updated.
*WARN*	2022/02/03 - 06:23:57: File name: WkErpConfiguration.php - Line No: 34
Message: OpenERP Credentials Has been updated.
*WARN*	2022/02/03 - 06:24:51: File name: WkErpConfiguration.php - Line No: 34
Message: OpenERP Credentials Has been updated.
*WARN*	2022/02/03 - 06:24:55: File name: WkErpConfiguration.php - Line No: 34
Message: OpenERP Credentials Has been updated.
*WARN*	2022/02/03 - 06:31:19: File name: WkErpConfiguration.php - Line No: 34
Message: OpenERP Credentials Has been updated.
*WARN*	2022/02/03 - 06:32:29: File name: WkErpConfiguration.php - Line No: 34
Message: OpenERP Credentials Has been updated.
*WARN*	2022/02/03 - 06:32:32: File name: WkErpConfiguration.php - Line No: 34
Message: OpenERP Credentials Has been updated.
*WARN*	2022/02/03 - 06:33:53: File name: WkErpConfiguration.php - Line No: 34
Message: OpenERP Credentials Has been updated.
*WARN*	2022/02/03 - 06:35:33: File name: WkErpConfiguration.php - Line No: 34
Message: OpenERP Credentials Has been updated.
*WARN*	2022/02/03 - 06:37:16: File name: WkErpConfiguration.php - Line No: 34
Message: OpenERP Credentials Has been updated.
*WARN*	2022/02/03 - 06:37:47: File name: WkErpConfiguration.php - Line No: 34
Message: OpenERP Credentials Has been updated.
*WARN*	2022/02/03 - 06:41:06: File name: WkErpConfiguration.php - Line No: 34
Message: OpenERP Credentials Has been updated.
*WARN*	2022/02/03 - 06:42:47: File name: WkErpConfiguration.php - Line No: 34
Message: OpenERP Credentials Has been updated.
*WARN*	2022/02/03 - 06:43:27: File name: WkErpConfiguration.php - Line No: 34
Message: OpenERP Credentials Has been updated.
*WARN*	2022/02/03 - 06:43:31: File name: WkErpConfiguration.php - Line No: 34
Message: OpenERP Credentials Has been updated.
*WARN*	2022/02/03 - 06:45:15: File name: WkErpConfiguration.php - Line No: 34
Message: OpenERP Credentials Has been updated.
*WARN*	2022/02/03 - 06:45:18: File name: WkErpConfiguration.php - Line No: 34
Message: OpenERP Credentials Has been updated.
*WARN*	2022/02/03 - 06:55:13: File name: WkErpConfiguration.php - Line No: 34
Message: OpenERP Credentials Has been updated.
*WARN*	2022/02/03 - 06:55:37: File name: WkErpConfiguration.php - Line No: 34
Message: OpenERP Credentials Has been updated.
*WARN*	2022/02/03 - 06:55:46: File name: WkErpConfiguration.php - Line No: 34
Message: OpenERP Credentials Has been updated.
*WARN*	2022/02/03 - 06:55:49: File name: WkErpConfiguration.php - Line No: 34
Message: OpenERP Credentials Has been updated.
*WARN*	2022/02/03 - 07:06:56: File name: WkErpConfiguration.php - Line No: 34
Message: OpenERP Credentials Has been updated.
*WARN*	2022/02/03 - 07:07:09: File name: WkErpConfiguration.php - Line No: 34
Message: OpenERP Credentials Has been updated.
*WARN*	2022/02/03 - 07:07:19: File name: WkErpConfiguration.php - Line No: 34
Message: OpenERP Credentials Has been updated.
*WARN*	2022/02/03 - 07:08:03: File name: WkErpConfiguration.php - Line No: 34
Message: OpenERP Credentials Has been updated.
*WARN*	2022/02/03 - 07:14:14: File name: WkErpConfiguration.php - Line No: 34
Message: OpenERP Credentials Has been updated.
*WARN*	2022/02/03 - 07:14:28: File name: WkErpConfiguration.php - Line No: 34
Message: OpenERP Credentials Has been updated.
*WARN*	2022/02/03 - 07:50:09: File name: WkErpConfiguration.php - Line No: 34
Message: OpenERP Credentials Has been updated.
*WARN*	2022/02/03 - 07:50:36: File name: WkErpConfiguration.php - Line No: 34
Message: OpenERP Credentials Has been updated.
*WARN*	2022/02/03 - 07:51:26: File name: WkErpConfiguration.php - Line No: 34
Message: OpenERP Credentials Has been updated.
*WARN*	2022/02/03 - 07:53:25: File name: WkErpConfiguration.php - Line No: 34
Message: OpenERP Credentials Has been updated.
*WARN*	2022/02/03 - 07:54:11: File name: WkErpConfiguration.php - Line No: 34
Message: OpenERP Credentials Has been updated.
*WARN*	2022/02/03 - 07:57:27: File name: WkErpConfiguration.php - Line No: 34
Message: OpenERP Credentials Has been updated.
*WARN*	2022/02/03 - 07:57:29: File name: WkErpConfiguration.php - Line No: 34
Message: OpenERP Credentials Has been updated.
*WARN*	2022/02/03 - 09:09:22: File name: WkErpConfiguration.php - Line No: 34
Message: OpenERP Credentials Has been updated.
*WARN*	2022/02/03 - 09:11:27: File name: WkErpConfiguration.php - Line No: 34
Message: OpenERP Credentials Has been updated.
*WARN*	2022/02/03 - 09:11:32: File name: WkErpConfiguration.php - Line No: 34
Message: OpenERP Credentials Has been updated.
*WARN*	2022/02/03 - 09:20:09: File name: WkErpConfiguration.php - Line No: 34
Message: OpenERP Credentials Has been updated.
*WARN*	2022/02/03 - 09:20:17: File name: WkErpConfiguration.php - Line No: 34
Message: OpenERP Credentials Has been updated.
*WARN*	2022/02/03 - 09:20:33: File name: WkErpConfiguration.php - Line No: 34
Message: OpenERP Credentials Has been updated.
*WARN*	2022/02/03 - 09:21:12: File name: WkErpConfiguration.php - Line No: 34
Message: OpenERP Credentials Has been updated.
*WARN*	2022/02/03 - 09:22:54: File name: WkErpConfiguration.php - Line No: 34
Message: OpenERP Credentials Has been updated.
*WARN*	2022/02/03 - 09:23:36: File name: WkErpConfiguration.php - Line No: 34
Message: OpenERP Credentials Has been updated.
*WARN*	2022/02/03 - 09:26:34: File name: WkErpConfiguration.php - Line No: 34
Message: OpenERP Credentials Has been updated.
*WARN*	2022/02/03 - 09:26:39: File name: WkErpConfiguration.php - Line No: 34
Message: OpenERP Credentials Has been updated.
*WARN*	2022/02/03 - 09:28:16: File name: WkErpConfiguration.php - Line No: 34
Message: OpenERP Credentials Has been updated.
*WARN*	2022/02/03 - 09:28:34: File name: WkErpConfiguration.php - Line No: 34
Message: OpenERP Credentials Has been updated.
*WARN*	2022/02/03 - 09:28:36: File name: WkErpConfiguration.php - Line No: 34
Message: OpenERP Credentials Has been updated.
*WARN*	2022/02/03 - 09:29:02: File name: WkErpConfiguration.php - Line No: 34
Message: OpenERP Credentials Has been updated.
*WARN*	2022/02/03 - 09:29:11: File name: WkErpConfiguration.php - Line No: 34
Message: OpenERP Credentials Has been updated.
*WARN*	2022/02/03 - 09:29:22: File name: WkErpConfiguration.php - Line No: 34
Message: OpenERP Credentials Has been updated.
*WARN*	2022/02/03 - 09:29:27: File name: WkErpConfiguration.php - Line No: 34
Message: OpenERP Credentials Has been updated.
*WARN*	2022/02/03 - 09:30:15: File name: WkErpConfiguration.php - Line No: 34
Message: OpenERP Credentials Has been updated.
*WARN*	2022/02/03 - 10:18:14: File name: WkErpConfiguration.php - Line No: 34
Message: OpenERP Credentials Has been updated.
*Connection Error*	2022/02/03 - 12:34:42: File name: AdminErpManualOrdersController.php - Line No: 253
Message: 
*WARN*	2022/02/03 - 12:36:03: File name: WkErpConfiguration.php - Line No: 34
Message: OpenERP Credentials Has been updated.
*INFO*	2022/02/03 - 12:39:05: File name: prestarealtimesync.php - Line No: 335
Message: Order id 4 Export response: <br/> Category Home successfully updated<br/>Error while category update.<br/> Category Accessories successfully updated<br/> Category Home successfully updated<br/>Error while category update.<br/> Category Stationery successfully updated<br/> Category Accessories successfully updated<br/> Category Home successfully updated<br/>Error while category update.<br/> Product Mountain fox notebook Successfully EvaluateOnly order state can be update as order not in draft state.<br/>Order S00053 <br/> Error in Delivering Order: Nothing to check the availability for. <br/>
*WARN*	2022/02/03 - 13:00:58: File name: WkErpConfiguration.php - Line No: 34
Message: OpenERP Credentials Has been updated.
*INFO*	2022/02/03 - 13:01:26: File name: prestarealtimesync.php - Line No: 336
Message: Order id 4 Export response: <br/> Category Home successfully updated<br/>Error while category update.<br/> Category Accessories successfully updated<br/> Category Home successfully updated<br/>Error while category update.<br/> Category Stationery successfully updated<br/> Category Accessories successfully updated<br/> Category Home successfully updated<br/>Error while category update.<br/> Product Mountain fox notebook Successfully EvaluateOnly order state can be update as order not in draft state.<br/>Order S00053 <br/> Error in Delivering Order: Nothing to check the availability for. <br/>
*INFO*	2022/02/03 - 13:01:27: File name: prestarealtimesync.php - Line No: 336
Message: Order id 5 Export response: <br/> Category Home successfully updated<br/>Error while category update.<br/> Category Accessories successfully updated<br/> Category Home successfully updated<br/>Error while category update.<br/> Category Home Accessories successfully updated<br/> Category Accessories successfully updated<br/> Category Home successfully updated<br/>Error while category update.<br/> Product Brown bear cushion Successfully Evaluate<br/> Order  successfully updated<br/>Order S00054 
*INFO*	2022/02/03 - 13:01:29: File name: prestarealtimesync.php - Line No: 336
Message: Order id 2 Export response: <br/> Category Home successfully updated<br/>Error while category update.<br/> Category Accessories successfully updated<br/> Category Home successfully updated<br/>Error while category update.<br/> Category Home Accessories successfully updated<br/> Category Accessories successfully updated<br/> Category Home successfully updated<br/>Error while category update.<br/> Product The adventure begins Framed poster Successfully Evaluate<br/> Product Mug Today is a good day Successfully Evaluate<br/> Order  successfully updated<br/>Order S00024 
*INFO*	2022/02/03 - 13:01:30: File name: prestarealtimesync.php - Line No: 336
Message: Order id 3 Export response: <br/> Category Home successfully updated<br/>Error while category update.<br/> Category Accessories successfully updated<br/> Category Home successfully updated<br/>Error while category update.<br/> Category Stationery successfully updated<br/> Category Accessories successfully updated<br/> Category Home successfully updated<br/>Error while category update.<br/> Product Mountain fox notebook Successfully Evaluate<br/> Order  successfully updated<br/>Order S00025 
*INFO*	2022/02/03 - 13:06:38: File name: prestarealtimesync.php - Line No: 336
Message: Order id 44 Export response: <br/> Category Home successfully updated<br/>Error while category update.<br/> Category Clothes successfully updated<br/> Category Home successfully updated<br/>Error while category update.<br/> Category Women successfully updated<br/> Category Clothes successfully updated<br/> Category Home successfully updated<br/>Error while category update.<br/> Product Hummingbird printed sweater Successfully Evaluate<br/>Order S00075 Order==> Confirmed. Order==> Shipped. <br/> Order 44 successfully evaluated
*INFO*	2022/02/03 - 13:09:35: File name: prestarealtimesync.php - Line No: 336
Message: Order id 44 Export response: <br/> Category Home successfully updated<br/>Error while category update.<br/> Category Clothes successfully updated<br/> Category Home successfully updated<br/>Error while category update.<br/> Category Women successfully updated<br/> Category Clothes successfully updated<br/> Category Home successfully updated<br/>Error while category update.<br/> Product Hummingbird printed sweater Successfully EvaluateOnly order state can be update as order not in draft state.<br/>Order S00075 <br/> Error in Delivering Order: Nothing to check the availability for. <br/>
*INFO*	2022/02/03 - 13:10:19: File name: prestarealtimesync.php - Line No: 336
Message: Order id 38 Export response: <br/> Category Home successfully updated<br/>Error while category update.<br/> Category Accessories successfully updated<br/> Category Home successfully updated<br/>Error while category update.<br/> Category Home Accessories successfully updated<br/> Category Accessories successfully updated<br/> Category Home successfully updated<br/>Error while category update.<br/> Product Mug The best is yet to come Successfully Evaluate<br/> Order  successfully updated<br/>Order S00071 
*INFO*	2022/02/03 - 13:10:55: File name: prestarealtimesync.php - Line No: 336
Message: Order id 5 Export response: <br/> Category Home successfully updated<br/>Error while category update.<br/> Category Accessories successfully updated<br/> Category Home successfully updated<br/>Error while category update.<br/> Category Home Accessories successfully updated<br/> Category Accessories successfully updated<br/> Category Home successfully updated<br/>Error while category update.<br/> Product Brown bear cushion Successfully Evaluate<br/> Order  successfully updated<br/>Order S00054 
*INFO*	2022/02/03 - 13:12:22: File name: prestarealtimesync.php - Line No: 336
Message: Order id 1 Export response: <br/> Category Home successfully updated<br/>Error while category update.<br/> Category Clothes successfully updated<br/> Category Home successfully updated<br/>Error while category update.<br/> Category Women successfully updated<br/> Category Clothes successfully updated<br/> Category Home successfully updated<br/>Error while category update.<br/> Product Hummingbird printed t-shirt Successfully Evaluate<br/> Product Hummingbird printed sweater Successfully EvaluateOnly order state can be update as order not in draft state.<br/>Order S00023 <br/> Order ==> Cancelled. 
*INFO*	2022/02/03 - 13:13:05: File name: prestarealtimesync.php - Line No: 336
Message: Order id 1 Export response: <br/> Category Home successfully updated<br/>Error while category update.<br/> Category Clothes successfully updated<br/> Category Home successfully updated<br/>Error while category update.<br/> Category Women successfully updated<br/> Category Clothes successfully updated<br/> Category Home successfully updated<br/>Error while category update.<br/> Product Hummingbird printed t-shirt Successfully Evaluate<br/> Product Hummingbird printed sweater Successfully EvaluateOnly order state can be update as order not in draft state.<br/>Order S00023 <br/> Order ==> Cancelled. 
*INFO*	2022/02/03 - 13:25:54: File name: prestarealtimesync.php - Line No: 340
Message: Order id 4 Export response: <br/> Category Home successfully updated<br/>Error while category update.<br/> Category Accessories successfully updated<br/> Category Home successfully updated<br/>Error while category update.<br/> Category Stationery successfully updated<br/> Category Accessories successfully updated<br/> Category Home successfully updated<br/>Error while category update.<br/> Product Mountain fox notebook Successfully EvaluateOnly order state can be update as order not in draft state.<br/>Order S00053 <br/> Error in Delivering Order: Nothing to check the availability for. <br/>
