*CRITICAL: *	2019/05/29 - 14:20:33: File name: prestarealtimesync.php - Line No: 156
Message: 
*WARN*	2019/05/29 - 14:25:48: File name: WkErpConfiguration.php - Line No: 33
Message: OpenERP Credentials Has been updated.
*ERROR*	2019/05/29 - 14:25:48: File name: WkErpConfiguration.php - Line No: 275
Message: 
*WARN*	2019/05/29 - 14:25:58: File name: WkErpConfiguration.php - Line No: 33
Message: OpenERP Credentials Has been updated.
*ERROR*	2019/05/29 - 14:25:58: File name: WkErpConfiguration.php - Line No: 275
Message: 
*WARN*	2019/05/29 - 14:26:07: File name: WkErpConfiguration.php - Line No: 33
Message: OpenERP Credentials Has been updated.
*ERROR*	2019/05/29 - 14:26:07: File name: WkErpConfiguration.php - Line No: 275
Message: 
*WARN*	2019/05/29 - 14:26:47: File name: WkErpConfiguration.php - Line No: 33
Message: OpenERP Credentials Has been updated.
*ERROR*	2019/05/29 - 14:26:47: File name: WkErpConfiguration.php - Line No: 275
Message: 
*WARN*	2019/05/29 - 14:26:58: File name: WkErpConfiguration.php - Line No: 33
Message: OpenERP Credentials Has been updated.
*ERROR*	2019/05/29 - 14:26:58: File name: WkErpConfiguration.php - Line No: 275
Message: 
*WARN*	2019/05/29 - 14:30:07: File name: WkErpConfiguration.php - Line No: 33
Message: OpenERP Credentials Has been updated.
*ERROR*	2019/05/29 - 14:30:07: File name: WkErpConfiguration.php - Line No: 275
Message: SSH-2.0-OpenSSH_7.4p1 Debian-10+deb9u6
Protocol mismatch.

*WARN*	2019/05/29 - 14:30:14: File name: WkErpConfiguration.php - Line No: 33
Message: OpenERP Credentials Has been updated.
*ERROR*	2019/05/29 - 14:30:14: File name: WkErpConfiguration.php - Line No: 275
Message: SSH-2.0-OpenSSH_7.4p1 Debian-10+deb9u6
Protocol mismatch.

*WARN*	2019/05/29 - 14:30:17: File name: WkErpConfiguration.php - Line No: 33
Message: OpenERP Credentials Has been updated.
*ERROR*	2019/05/29 - 14:30:17: File name: WkErpConfiguration.php - Line No: 275
Message: SSH-2.0-OpenSSH_7.4p1 Debian-10+deb9u6
Protocol mismatch.

*WARN*	2019/05/29 - 14:30:21: File name: WkErpConfiguration.php - Line No: 33
Message: OpenERP Credentials Has been updated.
*ERROR*	2019/05/29 - 14:30:21: File name: WkErpConfiguration.php - Line No: 275
Message: SSH-2.0-OpenSSH_7.4p1 Debian-10+deb9u6
Protocol mismatch.

*WARN*	2019/05/29 - 14:30:29: File name: WkErpConfiguration.php - Line No: 33
Message: OpenERP Credentials Has been updated.
*ERROR*	2019/05/29 - 14:30:29: File name: WkErpConfiguration.php - Line No: 275
Message: SSH-2.0-OpenSSH_7.4p1 Debian-10+deb9u6
Protocol mismatch.

*WARN*	2019/05/29 - 14:30:36: File name: WkErpConfiguration.php - Line No: 33
Message: OpenERP Credentials Has been updated.
*ERROR*	2019/05/29 - 14:30:36: File name: WkErpConfiguration.php - Line No: 275
Message: SSH-2.0-OpenSSH_7.4p1 Debian-10+deb9u6
Protocol mismatch.

*WARN*	2019/05/29 - 14:30:42: File name: WkErpConfiguration.php - Line No: 33
Message: OpenERP Credentials Has been updated.
*ERROR*	2019/05/29 - 14:30:42: File name: WkErpConfiguration.php - Line No: 275
Message: SSH-2.0-OpenSSH_7.4p1 Debian-10+deb9u6
Protocol mismatch.

*WARN*	2019/05/29 - 14:30:44: File name: WkErpConfiguration.php - Line No: 33
Message: OpenERP Credentials Has been updated.
*WARN*	2019/05/29 - 14:31:24: File name: WkErpConfiguration.php - Line No: 33
Message: OpenERP Credentials Has been updated.
*ERROR*	2019/05/29 - 14:31:24: File name: WkErpConfiguration.php - Line No: 275
Message: 
*WARN*	2019/05/29 - 14:36:44: File name: WkErpConfiguration.php - Line No: 33
Message: OpenERP Credentials Has been updated.
*ERROR*	2019/05/29 - 14:36:44: File name: WkErpConfiguration.php - Line No: 275
Message: 
*WARN*	2019/05/29 - 14:38:31: File name: WkErpConfiguration.php - Line No: 33
Message: OpenERP Credentials Has been updated.
*ERROR*	2019/05/29 - 14:38:31: File name: WkErpConfiguration.php - Line No: 275
Message: 
*WARN*	2019/05/29 - 14:38:40: File name: WkErpConfiguration.php - Line No: 33
Message: OpenERP Credentials Has been updated.
*ERROR*	2019/05/29 - 14:38:40: File name: WkErpConfiguration.php - Line No: 275
Message: 
*WARN*	2019/05/29 - 14:38:45: File name: WkErpConfiguration.php - Line No: 33
Message: OpenERP Credentials Has been updated.
*ERROR*	2019/05/29 - 14:38:45: File name: WkErpConfiguration.php - Line No: 275
Message: 
*WARN*	2019/05/29 - 14:39:17: File name: WkErpConfiguration.php - Line No: 33
Message: OpenERP Credentials Has been updated.
*ERROR*	2019/05/29 - 14:39:17: File name: WkErpConfiguration.php - Line No: 275
Message: HTTP/1.1 404 NOT FOUND
Server: nginx/1.10.3
Date: Wed, 29 May 2019 12:39:17 GMT
Content-Type: text/html
Transfer-Encoding: chunked
Connection: keep-alive
Content-Encoding: gzip

<!DOCTYPE HTML PUBLIC "-//W3C//DTD HTML 3.2 Final//EN">
<title>404 Not Found</title>
<h1>Not Found</h1>
<p>The requested URL was not found on the server.  If you entered the URL manually please check your spelling and try again.</p>

*WARN*	2019/05/29 - 14:39:31: File name: WkErpConfiguration.php - Line No: 33
Message: OpenERP Credentials Has been updated.
*ERROR*	2019/05/29 - 14:39:31: File name: WkErpConfiguration.php - Line No: 275
Message: HTTP/1.1 404 NOT FOUND
Server: nginx/1.10.3
Date: Wed, 29 May 2019 12:39:31 GMT
Content-Type: text/html
Transfer-Encoding: chunked
Connection: keep-alive
Content-Encoding: gzip

<!DOCTYPE HTML PUBLIC "-//W3C//DTD HTML 3.2 Final//EN">
<title>404 Not Found</title>
<h1>Not Found</h1>
<p>The requested URL was not found on the server.  If you entered the URL manually please check your spelling and try again.</p>

*WARN*	2019/05/29 - 14:46:13: File name: WkErpConfiguration.php - Line No: 33
Message: OpenERP Credentials Has been updated.
*ERROR*	2019/05/29 - 14:46:13: File name: WkErpConfiguration.php - Line No: 275
Message: HTTP/1.1 404 NOT FOUND
Server: nginx/1.10.3
Date: Wed, 29 May 2019 12:46:13 GMT
Content-Type: text/html
Transfer-Encoding: chunked
Connection: keep-alive
Content-Encoding: gzip

<!DOCTYPE HTML PUBLIC "-//W3C//DTD HTML 3.2 Final//EN">
<title>404 Not Found</title>
<h1>Not Found</h1>
<p>The requested URL was not found on the server.  If you entered the URL manually please check your spelling and try again.</p>

*WARN*	2019/05/29 - 14:46:25: File name: WkErpConfiguration.php - Line No: 33
Message: OpenERP Credentials Has been updated.
*ERROR*	2019/05/29 - 14:46:25: File name: WkErpConfiguration.php - Line No: 275
Message: HTTP/1.1 404 NOT FOUND
Server: nginx/1.10.3
Date: Wed, 29 May 2019 12:46:25 GMT
Content-Type: text/html
Transfer-Encoding: chunked
Connection: keep-alive
Content-Encoding: gzip

<!DOCTYPE HTML PUBLIC "-//W3C//DTD HTML 3.2 Final//EN">
<title>404 Not Found</title>
<h1>Not Found</h1>
<p>The requested URL was not found on the server.  If you entered the URL manually please check your spelling and try again.</p>

*WARN*	2019/05/29 - 14:46:38: File name: WkErpConfiguration.php - Line No: 33
Message: OpenERP Credentials Has been updated.
*WARN*	2019/05/29 - 14:47:39: File name: WkErpConfiguration.php - Line No: 33
Message: OpenERP Credentials Has been updated.
*ERROR*	2019/05/29 - 14:47:39: File name: WkErpConfiguration.php - Line No: 275
Message: HTTP/1.1 404 NOT FOUND
Server: nginx/1.10.3
Date: Wed, 29 May 2019 12:47:39 GMT
Content-Type: text/html
Transfer-Encoding: chunked
Connection: keep-alive
Content-Encoding: gzip

<!DOCTYPE HTML PUBLIC "-//W3C//DTD HTML 3.2 Final//EN">
<title>404 Not Found</title>
<h1>Not Found</h1>
<p>The requested URL was not found on the server.  If you entered the URL manually please check your spelling and try again.</p>

*WARN*	2019/05/29 - 15:03:39: File name: WkErpConfiguration.php - Line No: 33
Message: OpenERP Credentials Has been updated.
*ERROR*	2019/05/29 - 15:03:39: File name: WkErpConfiguration.php - Line No: 275
Message: HTTP/1.1 404 NOT FOUND
Server: nginx/1.10.3
Date: Wed, 29 May 2019 13:03:39 GMT
Content-Type: text/html
Transfer-Encoding: chunked
Connection: keep-alive
Content-Encoding: gzip

<!DOCTYPE HTML PUBLIC "-//W3C//DTD HTML 3.2 Final//EN">
<title>404 Not Found</title>
<h1>Not Found</h1>
<p>The requested URL was not found on the server.  If you entered the URL manually please check your spelling and try again.</p>

*WARN*	2019/05/29 - 15:13:04: File name: WkErpConfiguration.php - Line No: 33
Message: OpenERP Credentials Has been updated.
*ERROR*	2019/05/29 - 15:13:04: File name: WkErpConfiguration.php - Line No: 275
Message: HTTP/1.1 404 NOT FOUND
Server: nginx/1.10.3
Date: Wed, 29 May 2019 13:13:04 GMT
Content-Type: text/html
Transfer-Encoding: chunked
Connection: keep-alive
Content-Encoding: gzip

<!DOCTYPE HTML PUBLIC "-//W3C//DTD HTML 3.2 Final//EN">
<title>404 Not Found</title>
<h1>Not Found</h1>
<p>The requested URL was not found on the server.  If you entered the URL manually please check your spelling and try again.</p>

