*WARN*	2022/02/10 - 16:32:38: File name: WkErpConfiguration.php - Line No: 34
Message: OpenERP Credentials Has been updated.
*WARN*	2022/02/10 - 16:32:53: File name: WkErpConfiguration.php - Line No: 34
Message: OpenERP Credentials Has been updated.
*WARN*	2022/02/10 - 16:33:20: File name: WkErpConfiguration.php - Line No: 34
Message: OpenERP Credentials Has been updated.
*WARN*	2022/02/10 - 16:35:01: File name: WkErpConfiguration.php - Line No: 34
Message: OpenERP Credentials Has been updated.
*WARN*	2022/02/10 - 16:35:54: File name: WkErpConfiguration.php - Line No: 34
Message: OpenERP Credentials Has been updated.
*WARN*	2022/02/10 - 16:36:52: File name: WkErpConfiguration.php - Line No: 34
Message: OpenERP Credentials Has been updated.
*WARN*	2022/02/10 - 16:37:33: File name: WkErpConfiguration.php - Line No: 34
Message: OpenERP Credentials Has been updated.
*WARN*	2022/02/10 - 16:39:15: File name: WkErpConfiguration.php - Line No: 34
Message: OpenERP Credentials Has been updated.
*WARN*	2022/02/10 - 16:39:56: File name: WkErpConfiguration.php - Line No: 34
Message: OpenERP Credentials Has been updated.
*Connection Error*	2022/02/10 - 16:42:39: File name: AdminOrdersController.php - Line No: 98
Message: 
*Connection Error*	2022/02/10 - 16:43:13: File name: AdminOrdersController.php - Line No: 98
Message: 
*Connection Error*	2022/02/10 - 16:43:24: File name: AdminOrdersController.php - Line No: 98
Message: 
*Connection Error*	2022/02/10 - 16:43:31: File name: AdminOrdersController.php - Line No: 98
Message: 
*Connection Error*	2022/02/10 - 16:47:06: File name: AdminOrdersController.php - Line No: 98
Message: 
*Connection Error*	2022/02/10 - 16:48:17: File name: AdminOrdersController.php - Line No: 98
Message: 
*Connection Error*	2022/02/10 - 16:48:22: File name: AdminOrdersController.php - Line No: 98
Message: 
*WARN*	2022/02/10 - 16:49:51: File name: WkErpConfiguration.php - Line No: 34
Message: OpenERP Credentials Has been updated.
*WARN*	2022/02/10 - 16:49:55: File name: WkErpConfiguration.php - Line No: 34
Message: OpenERP Credentials Has been updated.
*WARN*	2022/02/10 - 16:59:45: File name: WkErpConfiguration.php - Line No: 34
Message: OpenERP Credentials Has been updated.
*WARN*	2022/02/10 - 16:59:50: File name: WkErpConfiguration.php - Line No: 34
Message: OpenERP Credentials Has been updated.
*Connection Error*	2022/02/10 - 17:12:51: File name: AdminOrdersController.php - Line No: 100
Message: 
*Connection Error*	2022/02/10 - 17:13:53: File name: AdminOrdersController.php - Line No: 100
Message: 
*WARN*	2022/02/10 - 18:11:12: File name: WkErpConfiguration.php - Line No: 34
Message: OpenERP Credentials Has been updated.
*WARN*	2022/02/10 - 18:11:19: File name: WkErpConfiguration.php - Line No: 34
Message: OpenERP Credentials Has been updated.
*WARN*	2022/02/10 - 18:12:51: File name: WkErpConfiguration.php - Line No: 34
Message: OpenERP Credentials Has been updated.
*WARN*	2022/02/10 - 18:12:56: File name: WkErpConfiguration.php - Line No: 34
Message: OpenERP Credentials Has been updated.
*Connection Error*	2022/02/10 - 18:14:51: File name: AdminOrdersController.php - Line No: 100
Message: 
*WARN*	2022/02/10 - 18:16:46: File name: WkErpConfiguration.php - Line No: 34
Message: OpenERP Credentials Has been updated.
*WARN*	2022/02/10 - 18:16:51: File name: WkErpConfiguration.php - Line No: 34
Message: OpenERP Credentials Has been updated.
*Connection Error*	2022/02/10 - 18:18:15: File name: AdminOrdersController.php - Line No: 100
Message: 
*WARN*	2022/02/10 - 18:21:17: File name: WkErpConfiguration.php - Line No: 34
Message: OpenERP Credentials Has been updated.
*WARN*	2022/02/10 - 18:21:21: File name: WkErpConfiguration.php - Line No: 34
Message: OpenERP Credentials Has been updated.
*Connection Error*	2022/02/10 - 18:23:14: File name: AdminOrdersController.php - Line No: 101
Message: 
*WARN*	2022/02/10 - 18:25:13: File name: WkErpConfiguration.php - Line No: 34
Message: OpenERP Credentials Has been updated.
*WARN*	2022/02/10 - 18:25:18: File name: WkErpConfiguration.php - Line No: 34
Message: OpenERP Credentials Has been updated.
*WARN*	2022/02/10 - 18:29:23: File name: WkErpConfiguration.php - Line No: 34
Message: OpenERP Credentials Has been updated.
*WARN*	2022/02/10 - 18:29:28: File name: WkErpConfiguration.php - Line No: 34
Message: OpenERP Credentials Has been updated.
*WARN*	2022/02/10 - 18:34:04: File name: WkErpConfiguration.php - Line No: 34
Message: OpenERP Credentials Has been updated.
*WARN*	2022/02/10 - 18:34:12: File name: WkErpConfiguration.php - Line No: 34
Message: OpenERP Credentials Has been updated.
*Connection Error*	2022/02/10 - 18:35:29: File name: AdminOrdersController.php - Line No: 101
Message: 
*WARN*	2022/02/10 - 18:37:33: File name: WkErpConfiguration.php - Line No: 34
Message: OpenERP Credentials Has been updated.
*Connection Error*	2022/02/10 - 18:37:45: File name: AdminOrdersController.php - Line No: 101
Message: 
*Connection Error*	2022/02/10 - 18:37:59: File name: AdminOrdersController.php - Line No: 101
Message: 
*Connection Error*	2022/02/10 - 18:38:16: File name: AdminOrdersController.php - Line No: 101
Message: 
*WARN*	2022/02/10 - 18:40:00: File name: WkErpConfiguration.php - Line No: 34
Message: OpenERP Credentials Has been updated.
*WARN*	2022/02/10 - 18:40:05: File name: WkErpConfiguration.php - Line No: 34
Message: OpenERP Credentials Has been updated.
*WARN*	2022/02/10 - 18:58:58: File name: WkErpConfiguration.php - Line No: 34
Message: OpenERP Credentials Has been updated.
*WARN*	2022/02/10 - 18:59:02: File name: WkErpConfiguration.php - Line No: 34
Message: OpenERP Credentials Has been updated.
*WARN*	2022/02/10 - 19:02:54: File name: WkErpConfiguration.php - Line No: 34
Message: OpenERP Credentials Has been updated.
*WARN*	2022/02/10 - 19:02:59: File name: WkErpConfiguration.php - Line No: 34
Message: OpenERP Credentials Has been updated.
*WARN*	2022/02/10 - 19:05:53: File name: WkErpConfiguration.php - Line No: 34
Message: OpenERP Credentials Has been updated.
*WARN*	2022/02/10 - 19:05:57: File name: WkErpConfiguration.php - Line No: 34
Message: OpenERP Credentials Has been updated.
*Connection Error*	2022/02/10 - 19:12:59: File name: AdminOrdersController.php - Line No: 99
Message: 
*WARN*	2022/02/10 - 19:14:46: File name: WkErpConfiguration.php - Line No: 34
Message: OpenERP Credentials Has been updated.
*WARN*	2022/02/10 - 19:14:50: File name: WkErpConfiguration.php - Line No: 34
Message: OpenERP Credentials Has been updated.
*WARN*	2022/02/10 - 19:19:14: File name: WkErpConfiguration.php - Line No: 34
Message: OpenERP Credentials Has been updated.
*WARN*	2022/02/10 - 19:19:19: File name: WkErpConfiguration.php - Line No: 34
Message: OpenERP Credentials Has been updated.
*Connection Error*	2022/02/10 - 19:24:30: File name: AdminOrdersController.php - Line No: 99
Message: 
*WARN*	2022/02/10 - 19:27:18: File name: WkErpConfiguration.php - Line No: 34
Message: OpenERP Credentials Has been updated.
*WARN*	2022/02/10 - 19:27:23: File name: WkErpConfiguration.php - Line No: 34
Message: OpenERP Credentials Has been updated.
*WARN*	2022/02/10 - 19:29:40: File name: WkErpConfiguration.php - Line No: 34
Message: OpenERP Credentials Has been updated.
*WARN*	2022/02/10 - 19:29:44: File name: WkErpConfiguration.php - Line No: 34
Message: OpenERP Credentials Has been updated.
*WARN*	2022/02/10 - 19:32:17: File name: WkErpConfiguration.php - Line No: 34
Message: OpenERP Credentials Has been updated.
*WARN*	2022/02/10 - 19:32:22: File name: WkErpConfiguration.php - Line No: 34
Message: OpenERP Credentials Has been updated.
*WARN*	2022/02/10 - 19:38:03: File name: WkErpConfiguration.php - Line No: 34
Message: OpenERP Credentials Has been updated.
*WARN*	2022/02/10 - 19:38:08: File name: WkErpConfiguration.php - Line No: 34
Message: OpenERP Credentials Has been updated.
*INFO*	2022/02/10 - 19:38:23: File name: prestarealtimesync.php - Line No: 389
Message: Order id 1 Export response: <br/>Category Feed Error: No mapping as well category feed found for 2 .<br/>Category Feed Error: No mapping as well category feed found for 3 .<br/>Category Feed Error: No mapping as well category feed found for 4 .<br/>Category Feed Error: No mapping as well category feed found for 7 .<br/>Category Feed Error: No mapping as well category feed found for 2 .<br/>Category Feed Error: No mapping as well category feed found for 3 .<br/>Category Feed Error: No mapping as well category feed found for 8 .<br/>Category Feed Error: No mapping as well category feed found for 9 .<br/>Product Feed Error: For product id (2) sku (demo_2) no mapping as well feed found.<br/>Product Feed Error: For product id (3) sku (demo_3) no mapping as well feed found.
*INFO*	2022/02/10 - 19:39:46: File name: prestarealtimesync.php - Line No: 389
Message: Order id 2 Export response: <br/> Product Blouse Successfully Evaluate<br/> Product Printed Summer Dress Successfully Evaluate<br/> Product Printed Chiffon Dress Successfully Evaluate<br/>Product Feed Error: For product id (6) sku (demo_6) no mapping as well feed found.<br/>Product Feed Error: For product id (7) sku (demo_7) no mapping as well feed found.
*INFO*	2022/02/10 - 19:41:28: File name: prestarealtimesync.php - Line No: 389
Message: Order id 5 Export response: <br/> Product Faded Short Sleeves T-shirt Successfully Evaluate<br/> Product Blouse Successfully Evaluate<br/> Product Printed Dress Successfully Evaluate<br/>Product Feed Error: For product id (1) sku (demo_1) no mapping as well feed found.
